注: src\main\java\com\dalict\architectblocks\ArchitectBlocks.java使用或覆盖了已过时的 API。
注: 有关详细信息, 请使用 -Xlint:deprecation 重新编译。
